[10:45:40] run 20260820T154540Z: models=['healed-C', 'base-q4km'] suites=['tools', 'gsm8k', 'mmlu', 'speed', 'perplexity'] limit=None
[10:45:40] === healed-C ===
[10:46:03] server healthy
[10:51:03]   tools simple-01: OK
[10:51:21]   tools simple-02: OK
[10:51:54]   tools simple-03: OK
[10:52:11]   tools simple-04: OK
[10:52:22]   tools simple-05: OK
[10:52:27]   tools simple-06: OK
[10:52:37]   tools simple-07: OK
[10:52:48]   tools simple-08: OK
[10:52:57]   tools argtype-01: OK
[10:53:07]   tools argtype-02: OK
[10:53:24]   tools argtype-03: OK
[10:53:46]   tools argtype-04: OK
[10:54:19]   tools argtype-05: OK
[10:55:28]   tools argtype-06: OK
[10:55:44]   tools argtype-07: OK
[10:56:00]   tools argtype-08: OK
[10:56:07]   tools select-01: OK
[10:56:13]   tools select-02: OK
[10:56:23]   tools select-03: OK
[10:56:31]   tools select-04: OK
[10:56:39]   tools select-05: OK
[10:56:58]   tools select-06: OK
[10:57:14]   tools select-07: OK
[10:57:51]   tools select-08: OK
[10:58:07]   tools negative-01: OK
[10:58:50]   tools negative-02: OK
[10:59:58]   tools negative-03: OK
[11:00:09]   tools negative-04: OK
[11:00:27]   tools negative-05: OK
[11:00:49]   tools negative-06: OK
[11:01:01]   tools negative-07: OK
[11:01:30]   tools negative-08: OK
[11:01:39]   tools negative-09: OK
[11:02:31]   tools negative-10: FAIL
[11:02:37]   tools multiturn-01: OK
[11:02:43]   tools multiturn-02: OK
[11:02:50]   tools multiturn-03: OK
[11:02:55]   tools multiturn-04: OK
[11:03:16]   tools multiturn-05: OK
[11:03:22]   tools multiturn-06: OK
[11:03:32]   gsm8k 0: OK
[11:03:41]   gsm8k 1: OK
[11:04:22]   gsm8k 2: FAIL
[11:04:32]   gsm8k 3: OK
[11:04:53]   gsm8k 4: OK
[11:05:28]   gsm8k 5: OK
[11:05:53]   gsm8k 6: OK
[11:06:25]   gsm8k 7: OK
[11:06:45]   gsm8k 8: OK
[11:06:57]   gsm8k 9: OK
[11:07:05]   gsm8k 10: OK
[11:07:22]   gsm8k 11: OK
[11:07:52]   gsm8k 12: OK
[11:08:09]   gsm8k 13: FAIL
[11:08:24]   gsm8k 14: OK
[11:08:44]   mmlu 0: OK
[11:08:46]   mmlu 1: FAIL
[11:08:48]   mmlu 2: FAIL
[11:08:51]   mmlu 3: OK
[11:08:52]   mmlu 4: OK
[11:08:55]   mmlu 5: OK
[11:08:57]   mmlu 6: OK
[11:09:01]   mmlu 7: OK
[11:09:03]   mmlu 8: OK
[11:09:05]   mmlu 9: OK
[11:09:07]   mmlu 10: OK
[11:09:09]   mmlu 11: OK
[11:09:12]   mmlu 12: OK
[11:09:13]   mmlu 13: OK
[11:09:16]   mmlu 14: FAIL
[11:09:18]   mmlu 15: OK
[11:09:19]   mmlu 16: FAIL
[11:09:22]   mmlu 17: OK
[11:09:24]   mmlu 18: OK
[11:09:26]   mmlu 19: OK
[11:09:28]   mmlu 20: OK
[11:09:30]   mmlu 21: OK
[11:09:32]   mmlu 22: FAIL
[11:09:34]   mmlu 23: FAIL
[11:09:37]   mmlu 24: OK
[11:09:39]   mmlu 25: FAIL
[11:09:40]   mmlu 26: OK
[11:09:42]   mmlu 27: OK
[11:09:44]   mmlu 28: OK
[11:09:46]   mmlu 29: OK
[11:11:35] healed-C: tools=0.975 gsm8k=0.8667 mmlu=0.7667 loop=0.0235 tg128=None
[11:11:35] === base-q4km ===
[11:12:15] server healthy
[11:16:27]   tools simple-01: OK
[11:16:38]   tools simple-02: OK
[11:16:57]   tools simple-03: OK
[11:17:09]   tools simple-04: OK
[11:17:16]   tools simple-05: OK
[11:17:27]   tools simple-06: OK
[11:17:45]   tools simple-07: OK
[11:18:24]   tools simple-08: OK
[11:18:33]   tools argtype-01: OK
[11:18:55]   tools argtype-02: OK
[11:19:09]   tools argtype-03: OK
[11:19:24]   tools argtype-04: OK
[11:19:51]   tools argtype-05: OK
[11:20:06]   tools argtype-06: OK
[11:20:39]   tools argtype-07: OK
[11:20:51]   tools argtype-08: OK
[11:21:08]   tools select-01: OK
[11:21:17]   tools select-02: OK
[11:21:32]   tools select-03: OK
[11:21:43]   tools select-04: OK
[11:22:06]   tools select-05: OK
[11:22:28]   tools select-06: OK
[11:23:17]   tools select-07: FAIL
[11:23:47]   tools select-08: FAIL
[11:24:01]   tools negative-01: OK
[11:25:06]   tools negative-02: OK
[11:26:10]   tools negative-03: OK
[11:26:19]   tools negative-04: OK
[11:26:32]   tools negative-05: OK
[11:27:16]   tools negative-06: OK
[11:27:34]   tools negative-07: OK
[11:28:29]   tools negative-08: OK
[11:28:45]   tools negative-09: OK
[11:29:59]   tools negative-10: FAIL
[11:30:07]   tools multiturn-01: OK
[11:30:12]   tools multiturn-02: OK
[11:30:17]   tools multiturn-03: OK
[11:30:34]   tools multiturn-04: FAIL
[11:31:02]   tools multiturn-05: OK
[11:31:09]   tools multiturn-06: OK
[11:31:27]   gsm8k 0: OK
[11:31:38]   gsm8k 1: OK
[11:32:16]   gsm8k 2: OK
[11:32:35]   gsm8k 3: OK
[11:33:05]   gsm8k 4: OK
[11:33:35]   gsm8k 5: OK
[11:33:53]   gsm8k 6: OK
[11:34:12]   gsm8k 7: OK
[11:34:39]   gsm8k 8: OK
[11:34:51]   gsm8k 9: OK
[11:35:01]   gsm8k 10: OK
[11:35:13]   gsm8k 11: OK
[11:36:49]   gsm8k 12: FAIL
[11:37:30]   gsm8k 13: OK
[11:37:55]   gsm8k 14: OK
[11:37:57]   mmlu 0: OK
[11:38:00]   mmlu 1: FAIL
[11:38:02]   mmlu 2: FAIL
[11:38:04]   mmlu 3: FAIL
[11:38:06]   mmlu 4: OK
[11:38:09]   mmlu 5: OK
[11:38:10]   mmlu 6: OK
[11:38:14]   mmlu 7: OK
[11:38:17]   mmlu 8: OK
[11:38:18]   mmlu 9: OK
[11:38:20]   mmlu 10: OK
[11:38:22]   mmlu 11: OK
[11:38:24]   mmlu 12: OK
[11:38:26]   mmlu 13: OK
[11:38:28]   mmlu 14: FAIL
[11:38:30]   mmlu 15: OK
[11:38:32]   mmlu 16: FAIL
[11:38:33]   mmlu 17: OK
[11:38:35]   mmlu 18: OK
[11:38:38]   mmlu 19: OK
[11:38:39]   mmlu 20: OK
[11:38:41]   mmlu 21: OK
[11:38:43]   mmlu 22: FAIL
[11:38:45]   mmlu 23: OK
[11:38:48]   mmlu 24: OK
[11:38:50]   mmlu 25: FAIL
[11:38:52]   mmlu 26: OK
[11:38:53]   mmlu 27: OK
[11:38:56]   mmlu 28: OK
[11:38:57]   mmlu 29: OK
[11:41:15] base-q4km: tools=0.9 gsm8k=0.9333 mmlu=0.7667 loop=0.0235 tg128=None
[11:41:15] summary written to C:\code\model-shrink-ideas\bench\results\summary.md
