[09:14:58] run 20260823T141458Z: models=['27B-A2.8B-finishing', '27B-A2.8B-mtp', 'base-q4km'] suites=['tools', 'gsm8k', 'mmlu', 'speed', 'perplexity'] limit=None
[09:14:58] === 27B-A2.8B-finishing ===
[09:15:19] server healthy
[09:17:18]   tools simple-01: OK
[09:17:23]   tools simple-02: OK
[09:17:33]   tools simple-03: OK
[09:17:38]   tools simple-04: OK
[09:17:43]   tools simple-05: OK
[09:17:49]   tools simple-06: OK
[09:17:54]   tools simple-07: OK
[09:18:19]   tools simple-08: FAIL
[09:18:24]   tools argtype-01: OK
[09:18:35]   tools argtype-02: OK
[09:18:41]   tools argtype-03: OK
[09:18:47]   tools argtype-04: OK
[09:18:56]   tools argtype-05: OK
[09:19:14]   tools argtype-06: OK
[09:19:18]   tools argtype-07: OK
[09:19:32]   tools argtype-08: OK
[09:19:38]   tools select-01: OK
[09:19:42]   tools select-02: OK
[09:19:49]   tools select-03: OK
[09:19:53]   tools select-04: OK
[09:19:58]   tools select-05: OK
[09:20:04]   tools select-06: OK
[09:20:09]   tools select-07: OK
[09:20:18]   tools select-08: FAIL
[09:20:24]   tools negative-01: OK
[09:20:52]   tools negative-02: OK
[09:21:19]   tools negative-03: OK
[09:21:23]   tools negative-04: OK
[09:21:29]   tools negative-05: OK
[09:21:36]   tools negative-06: OK
[09:21:42]   tools negative-07: OK
[09:22:02]   tools negative-08: OK
[09:22:10]   tools negative-09: OK
[09:22:36]   tools negative-10: FAIL
[09:22:40]   tools multiturn-01: OK
[09:22:52]   tools multiturn-02: OK
[09:22:56]   tools multiturn-03: OK
[09:23:24]   tools multiturn-04: FAIL
[09:23:36]   tools multiturn-05: OK
[09:23:40]   tools multiturn-06: OK
[09:23:46]   gsm8k 0: OK
[09:23:51]   gsm8k 1: OK
[09:23:59]   gsm8k 2: FAIL
[09:24:05]   gsm8k 3: OK
[09:24:13]   gsm8k 4: OK
[09:24:21]   gsm8k 5: OK
[09:24:27]   gsm8k 6: OK
[09:24:32]   gsm8k 7: OK
[09:24:39]   gsm8k 8: FAIL
[09:24:42]   gsm8k 9: OK
[09:24:47]   gsm8k 10: OK
[09:24:53]   gsm8k 11: OK
[09:25:17]   gsm8k 12: FAIL
[09:25:24]   gsm8k 13: FAIL
[09:25:29]   gsm8k 14: OK
[09:25:31]   mmlu 0: OK
[09:25:32]   mmlu 1: FAIL
[09:25:33]   mmlu 2: FAIL
[09:25:34]   mmlu 3: OK
[09:25:35]   mmlu 4: OK
[09:25:36]   mmlu 5: OK
[09:25:37]   mmlu 6: OK
[09:25:40]   mmlu 7: OK
[09:25:41]   mmlu 8: OK
[09:25:42]   mmlu 9: OK
[09:25:43]   mmlu 10: OK
[09:25:44]   mmlu 11: OK
[09:25:46]   mmlu 12: OK
[09:25:47]   mmlu 13: OK
[09:25:48]   mmlu 14: FAIL
[09:25:49]   mmlu 15: OK
[09:25:50]   mmlu 16: FAIL
[09:25:51]   mmlu 17: OK
[09:25:52]   mmlu 18: OK
[09:25:53]   mmlu 19: OK
[09:25:54]   mmlu 20: OK
[09:25:55]   mmlu 21: OK
[09:25:57]   mmlu 22: FAIL
[09:25:58]   mmlu 23: FAIL
[09:25:59]   mmlu 24: OK
[09:26:00]   mmlu 25: FAIL
[09:26:01]   mmlu 26: OK
[09:26:02]   mmlu 27: OK
[09:26:04]   mmlu 28: OK
[09:26:05]   mmlu 29: OK
[09:26:57] 27B-A2.8B-finishing: tools=0.9 gsm8k=0.7333 mmlu=0.7667 loop=0.0471 tg128=None
[09:26:57] === 27B-A2.8B-mtp ===
[09:27:28] server healthy
[09:29:51]   tools simple-01: OK
[09:30:02]   tools simple-02: OK
[09:30:12]   tools simple-03: OK
[09:30:17]   tools simple-04: OK
[09:30:24]   tools simple-05: OK
[09:30:30]   tools simple-06: OK
[09:30:36]   tools simple-07: OK
[09:30:43]   tools simple-08: OK
[09:30:57]   tools argtype-01: OK
[09:31:02]   tools argtype-02: OK
[09:31:07]   tools argtype-03: OK
[09:31:13]   tools argtype-04: OK
[09:31:18]   tools argtype-05: OK
[09:31:26]   tools argtype-06: OK
[09:31:30]   tools argtype-07: OK
[09:31:36]   tools argtype-08: OK
[09:31:40]   tools select-01: OK
[09:31:45]   tools select-02: OK
[09:31:52]   tools select-03: OK
[09:31:56]   tools select-04: OK
[09:32:01]   tools select-05: OK
[09:32:09]   tools select-06: OK
[09:32:14]   tools select-07: OK
[09:32:26]   tools select-08: FAIL
[09:32:40]   tools negative-01: OK
[09:33:07]   tools negative-02: OK
[09:33:38]   tools negative-03: OK
[09:33:42]   tools negative-04: OK
[09:33:48]   tools negative-05: OK
[09:33:57]   tools negative-06: OK
[09:34:05]   tools negative-07: OK
[09:34:23]   tools negative-08: OK
[09:34:29]   tools negative-09: OK
[09:34:56]   tools negative-10: FAIL
[09:35:00]   tools multiturn-01: OK
[09:35:05]   tools multiturn-02: OK
[09:35:09]   tools multiturn-03: OK
[09:35:16]   tools multiturn-04: OK
[09:35:31]   tools multiturn-05: OK
[09:35:35]   tools multiturn-06: OK
[09:35:42]   gsm8k 0: OK
[09:35:46]   gsm8k 1: OK
[09:36:12]   gsm8k 2: FAIL
[09:36:18]   gsm8k 3: OK
[09:36:26]   gsm8k 4: OK
[09:36:34]   gsm8k 5: OK
[09:36:40]   gsm8k 6: OK
[09:36:47]   gsm8k 7: OK
[09:36:56]   gsm8k 8: FAIL
[09:37:00]   gsm8k 9: OK
[09:37:05]   gsm8k 10: OK
[09:37:10]   gsm8k 11: OK
[09:37:37]   gsm8k 12: OK
[09:37:44]   gsm8k 13: FAIL
[09:37:49]   gsm8k 14: OK
[09:37:50]   mmlu 0: FAIL
[09:37:51]   mmlu 1: FAIL
[09:37:52]   mmlu 2: FAIL
[09:37:53]   mmlu 3: OK
[09:37:55]   mmlu 4: OK
[09:37:56]   mmlu 5: OK
[09:37:57]   mmlu 6: OK
[09:37:59]   mmlu 7: OK
[09:38:01]   mmlu 8: OK
[09:38:02]   mmlu 9: OK
[09:38:03]   mmlu 10: OK
[09:38:04]   mmlu 11: OK
[09:38:05]   mmlu 12: OK
[09:38:06]   mmlu 13: OK
[09:38:07]   mmlu 14: FAIL
[09:38:08]   mmlu 15: OK
[09:38:09]   mmlu 16: FAIL
[09:38:10]   mmlu 17: OK
[09:38:12]   mmlu 18: OK
[09:38:13]   mmlu 19: OK
[09:38:14]   mmlu 20: OK
[09:38:15]   mmlu 21: OK
[09:38:16]   mmlu 22: FAIL
[09:38:18]   mmlu 23: FAIL
[09:38:19]   mmlu 24: OK
[09:38:20]   mmlu 25: FAIL
[09:38:21]   mmlu 26: OK
[09:38:22]   mmlu 27: OK
[09:38:23]   mmlu 28: OK
[09:38:24]   mmlu 29: OK
[09:39:23] 27B-A2.8B-mtp: tools=0.95 gsm8k=0.8 mmlu=0.7333 loop=0.0235 tg128=None
[09:39:23] === base-q4km ===
[09:40:00] server healthy
[09:43:04]   tools simple-01: OK
[09:43:11]   tools simple-02: OK
[09:43:24]   tools simple-03: OK
[09:43:32]   tools simple-04: OK
[09:43:37]   tools simple-05: OK
[09:43:45]   tools simple-06: OK
[09:43:57]   tools simple-07: OK
[09:44:23]   tools simple-08: OK
[09:44:28]   tools argtype-01: OK
[09:44:44]   tools argtype-02: OK
[09:44:53]   tools argtype-03: OK
[09:45:03]   tools argtype-04: OK
[09:45:21]   tools argtype-05: OK
[09:45:32]   tools argtype-06: OK
[09:45:54]   tools argtype-07: OK
[09:46:02]   tools argtype-08: OK
[09:46:15]   tools select-01: OK
[09:46:20]   tools select-02: OK
[09:46:30]   tools select-03: OK
[09:46:38]   tools select-04: OK
[09:46:53]   tools select-05: OK
[09:47:08]   tools select-06: OK
[09:47:41]   tools select-07: FAIL
[09:48:02]   tools select-08: FAIL
[09:48:11]   tools negative-01: OK
[09:48:52]   tools negative-02: OK
[09:49:32]   tools negative-03: OK
[09:49:38]   tools negative-04: OK
[09:49:48]   tools negative-05: OK
[09:50:17]   tools negative-06: OK
[09:50:30]   tools negative-07: OK
[09:51:11]   tools negative-08: OK
[09:51:22]   tools negative-09: OK
[09:52:02]   tools negative-10: FAIL
[09:52:07]   tools multiturn-01: OK
[09:52:11]   tools multiturn-02: OK
[09:52:14]   tools multiturn-03: OK
[09:52:25]   tools multiturn-04: FAIL
[09:52:42]   tools multiturn-05: OK
[09:52:47]   tools multiturn-06: OK
[09:52:59]   gsm8k 0: OK
[09:53:05]   gsm8k 1: OK
[09:53:27]   gsm8k 2: OK
[09:53:38]   gsm8k 3: OK
[09:53:55]   gsm8k 4: OK
[09:54:11]   gsm8k 5: OK
[09:54:20]   gsm8k 6: OK
[09:54:31]   gsm8k 7: OK
[09:54:46]   gsm8k 8: OK
[09:54:53]   gsm8k 9: OK
[09:54:59]   gsm8k 10: OK
[09:55:06]   gsm8k 11: OK
[09:55:51]   gsm8k 12: FAIL
[09:56:04]   gsm8k 13: OK
[09:56:13]   gsm8k 14: OK
[09:56:15]   mmlu 0: OK
[09:56:17]   mmlu 1: FAIL
[09:56:18]   mmlu 2: FAIL
[09:56:20]   mmlu 3: FAIL
[09:56:21]   mmlu 4: OK
[09:56:23]   mmlu 5: OK
[09:56:24]   mmlu 6: OK
[09:56:27]   mmlu 7: OK
[09:56:29]   mmlu 8: OK
[09:56:30]   mmlu 9: OK
[09:56:31]   mmlu 10: OK
[09:56:33]   mmlu 11: OK
[09:56:34]   mmlu 12: OK
[09:56:36]   mmlu 13: OK
[09:56:37]   mmlu 14: FAIL
[09:56:39]   mmlu 15: OK
[09:56:40]   mmlu 16: FAIL
[09:56:42]   mmlu 17: OK
[09:56:43]   mmlu 18: OK
[09:56:45]   mmlu 19: OK
[09:56:47]   mmlu 20: OK
[09:56:48]   mmlu 21: OK
[09:56:50]   mmlu 22: FAIL
[09:56:52]   mmlu 23: OK
[09:56:53]   mmlu 24: OK
[09:56:55]   mmlu 25: FAIL
[09:56:56]   mmlu 26: OK
[09:56:58]   mmlu 27: OK
[09:56:59]   mmlu 28: OK
[09:57:01]   mmlu 29: OK
[09:58:39] base-q4km: tools=0.9 gsm8k=0.9333 mmlu=0.7667 loop=0.0235 tg128=None
[09:58:39] summary written to C:\code\model-shrink-ideas\bench\results\summary.md
EXIT:0
