[06:23:35] run 20260821T112335Z: models=['healedC-top6', 'healedC-top4'] suites=['tools', 'gsm8k', 'mmlu', 'speed'] limit=None
[06:23:35] === healedC-top6 ===
[06:24:21] server healthy
[06:28:12]   tools simple-01: OK
[06:28:36]   tools simple-02: OK
[06:29:21]   tools simple-03: OK
[06:29:29]   tools simple-04: OK
[06:29:36]   tools simple-05: OK
[06:30:13]   tools simple-06: OK
[06:30:24]   tools simple-07: OK
[06:30:42]   tools simple-08: OK
[06:30:51]   tools argtype-01: OK
[06:30:58]   tools argtype-02: OK
[06:31:11]   tools argtype-03: OK
[06:31:21]   tools argtype-04: OK
[06:31:40]   tools argtype-05: OK
[06:31:55]   tools argtype-06: OK
[06:32:02]   tools argtype-07: OK
[06:32:07]   tools argtype-08: OK
[06:32:16]   tools select-01: OK
[06:32:26]   tools select-02: OK
[06:32:37]   tools select-03: OK
[06:32:46]   tools select-04: OK
[06:32:56]   tools select-05: OK
[06:33:11]   tools select-06: OK
[06:33:20]   tools select-07: OK
[06:33:37]   tools select-08: FAIL
[06:33:51]   tools negative-01: OK
[06:34:38]   tools negative-02: OK
[06:35:26]   tools negative-03: FAIL
[06:35:31]   tools negative-04: OK
[06:35:40]   tools negative-05: OK
[06:36:16]   tools negative-06: OK
[06:36:49]   tools negative-07: OK
[06:37:26]   tools negative-08: OK
[06:37:36]   tools negative-09: OK
[06:38:30]   tools negative-10: FAIL
[07:27:43]   tools multiturn-01: OK
[07:27:56]   tools multiturn-02: OK
[07:28:05]   tools multiturn-03: OK
[07:28:10]   tools multiturn-04: OK
[07:28:39]   tools multiturn-05: OK
[07:28:46]   tools multiturn-06: OK
[07:29:01]   gsm8k 0: OK
[07:29:14]   gsm8k 1: OK
[07:29:42]   gsm8k 2: OK
[07:29:52]   gsm8k 3: OK
[07:30:11]   gsm8k 4: OK
[07:30:25]   gsm8k 5: OK
[07:30:37]   gsm8k 6: OK
[07:30:52]   gsm8k 7: OK
[07:31:08]   gsm8k 8: OK
[07:31:16]   gsm8k 9: OK
[07:31:23]   gsm8k 10: OK
[07:31:30]   gsm8k 11: OK
[07:32:17]   gsm8k 12: FAIL
[07:32:29]   gsm8k 13: FAIL
[07:32:40]   gsm8k 14: OK
[07:32:42]   mmlu 0: OK
[07:32:44]   mmlu 1: FAIL
[07:32:46]   mmlu 2: FAIL
[07:32:48]   mmlu 3: OK
[07:32:49]   mmlu 4: OK
[07:32:50]   mmlu 5: OK
[07:32:52]   mmlu 6: OK
[07:32:55]   mmlu 7: OK
[07:32:57]   mmlu 8: OK
[07:32:58]   mmlu 9: OK
[07:32:59]   mmlu 10: OK
[07:33:00]   mmlu 11: OK
[07:33:02]   mmlu 12: OK
[07:33:03]   mmlu 13: OK
[07:33:04]   mmlu 14: FAIL
[07:33:05]   mmlu 15: OK
[07:33:07]   mmlu 16: FAIL
[07:33:08]   mmlu 17: OK
[07:33:09]   mmlu 18: OK
[07:33:10]   mmlu 19: OK
[07:33:12]   mmlu 20: OK
[07:33:13]   mmlu 21: OK
[07:33:14]   mmlu 22: FAIL
[07:33:16]   mmlu 23: FAIL
[07:33:18]   mmlu 24: OK
[07:33:19]   mmlu 25: FAIL
[07:33:20]   mmlu 26: OK
[07:33:22]   mmlu 27: OK
[07:33:23]   mmlu 28: OK
[07:33:25]   mmlu 29: OK
[07:33:30] healedC-top6: tools=0.925 gsm8k=0.8667 mmlu=0.7667 loop=0.0353 tg128=None
[07:33:30] === healedC-top4 ===
[07:34:43] server healthy
[07:37:30]   tools simple-01: OK
[07:37:37]   tools simple-02: OK
[07:37:48]   tools simple-03: OK
[07:37:56]   tools simple-04: OK
[07:38:36]   tools simple-05: FAIL
[07:38:43]   tools simple-06: OK
[07:38:56]   tools simple-07: OK
[07:39:09]   tools simple-08: OK
[07:39:51]   tools argtype-01: OK
[07:40:26]   tools argtype-02: OK
[07:40:35]   tools argtype-03: OK
[07:40:47]   tools argtype-04: OK
[07:41:18]   tools argtype-05: OK
[07:41:45]   tools argtype-06: OK
[07:42:22]   tools argtype-07: OK
[07:42:28]   tools argtype-08: OK
[07:42:39]   tools select-01: OK
[07:42:44]   tools select-02: OK
[07:43:28]   tools select-03: FAIL
[07:43:37]   tools select-04: OK
[07:43:50]   tools select-05: OK
[07:44:06]   tools select-06: OK
[07:44:14]   tools select-07: OK
[07:44:36]   tools select-08: FAIL
[07:44:52]   tools negative-01: OK
[07:45:35]   tools negative-02: OK
[07:46:16]   tools negative-03: OK
[07:46:22]   tools negative-04: OK
[07:46:31]   tools negative-05: OK
[07:47:12]   tools negative-06: OK
[07:47:50]   tools negative-07: OK
[07:48:27]   tools negative-08: OK
[07:49:08]   tools negative-09: OK
[07:49:51]   tools negative-10: FAIL
[07:50:01]   tools multiturn-01: OK
[07:50:09]   tools multiturn-02: OK
[07:50:14]   tools multiturn-03: OK
[07:50:20]   tools multiturn-04: OK
[07:50:38]   tools multiturn-05: OK
[07:50:44]   tools multiturn-06: OK
[07:50:53]   gsm8k 0: OK
[07:51:03]   gsm8k 1: OK
[07:51:21]   gsm8k 2: OK
[07:51:49]   gsm8k 3: FAIL
[07:52:01]   gsm8k 4: OK
[07:52:17]   gsm8k 5: OK
[07:52:26]   gsm8k 6: OK
[07:53:04]   gsm8k 7: FAIL
[07:53:15]   gsm8k 8: OK
[07:53:21]   gsm8k 9: OK
[07:53:28]   gsm8k 10: OK
[07:53:34]   gsm8k 11: OK
[07:54:11]   gsm8k 12: FAIL
[07:54:22]   gsm8k 13: FAIL
[07:54:30]   gsm8k 14: OK
[07:54:32]   mmlu 0: OK
[07:54:33]   mmlu 1: FAIL
[07:54:34]   mmlu 2: FAIL
[07:54:36]   mmlu 3: FAIL
[07:54:37]   mmlu 4: OK
[07:54:38]   mmlu 5: OK
[07:54:39]   mmlu 6: OK
[07:54:42]   mmlu 7: OK
[07:54:43]   mmlu 8: OK
[07:54:44]   mmlu 9: OK
[07:54:45]   mmlu 10: OK
[07:54:47]   mmlu 11: OK
[07:54:48]   mmlu 12: OK
[07:54:49]   mmlu 13: FAIL
[07:54:50]   mmlu 14: FAIL
[07:54:51]   mmlu 15: OK
[07:54:52]   mmlu 16: OK
[07:54:53]   mmlu 17: OK
[07:54:55]   mmlu 18: OK
[07:54:56]   mmlu 19: OK
[07:54:57]   mmlu 20: OK
[07:54:59]   mmlu 21: OK
[07:55:00]   mmlu 22: FAIL
[07:55:02]   mmlu 23: FAIL
[07:55:03]   mmlu 24: FAIL
[07:55:04]   mmlu 25: FAIL
[07:55:05]   mmlu 26: OK
[07:55:06]   mmlu 27: OK
[07:55:08]   mmlu 28: OK
[07:55:09]   mmlu 29: OK
[07:55:15] healedC-top4: tools=0.9 gsm8k=0.7333 mmlu=0.7 loop=0.0471 tg128=None
[07:55:15] summary written to C:\code\model-shrink-ideas\bench\results\summary.md
